// Jest Snapshot v1, https://goo.gl/fbAQLP

exports[`AdvancedImage renders AdvancedImage 1`] = `ReactWrapper {}`;
