// Jest Snapshot v1, https://goo.gl/fbAQLP

exports[`CldImg renders CldImg 1`] = `ReactWrapper {}`;
